Collecting certifi==2026.7.22
  Downloading certifi-2026.7.22-py3-none-any.whl (136 kB)
Collecting charset-normalizer==3.5.1
  Downloading charset_normalizer-3.5.1-cp39-cp39-macosx_10_9_universal2.whl (368 kB)
Collecting coloredlogs==15.0.1
  Downloading coloredlogs-15.0.1-py2.py3-none-any.whl (46 kB)
Collecting contourpy==1.3.0
  Using cached contourpy-1.3.0-cp39-cp39-macosx_11_0_arm64.whl (249 kB)
Collecting cycler==0.12.1
  Using cached cycler-0.12.1-py3-none-any.whl (8.3 kB)
Collecting filelock==3.19.1
  Using cached filelock-3.19.1-py3-none-any.whl (15 kB)
Collecting flatbuffers==25.12.19
  Downloading flatbuffers-25.12.19-py2.py3-none-any.whl (26 kB)
Collecting fonttools==4.60.2
  Using cached fonttools-4.60.2-cp39-cp39-macosx_10_9_universal2.whl (2.9 MB)
Collecting fsspec==2025.10.0
  Using cached fsspec-2025.10.0-py3-none-any.whl (200 kB)
Collecting humanfriendly==10.0
  Downloading humanfriendly-10.0-py2.py3-none-any.whl (86 kB)
Collecting idna==3.19
  Downloading idna-3.19-py3-none-any.whl (68 kB)
Collecting importlib_resources==6.5.2
  Using cached importlib_resources-6.5.2-py3-none-any.whl (37 kB)
Collecting Jinja2==3.1.6
  Using cached jinja2-3.1.6-py3-none-any.whl (134 kB)
Collecting kiwisolver==1.4.7
  Using cached kiwisolver-1.4.7-cp39-cp39-macosx_11_0_arm64.whl (64 kB)
Collecting MarkupSafe==3.0.3
  Using cached markupsafe-3.0.3-cp39-cp39-macosx_11_0_arm64.whl (12 kB)
Collecting matplotlib==3.9.4
  Using cached matplotlib-3.9.4-cp39-cp39-macosx_11_0_arm64.whl (7.8 MB)
Collecting ml_dtypes==0.5.4
  Downloading ml_dtypes-0.5.4-cp39-cp39-macosx_10_9_universal2.whl (676 kB)
Collecting mpmath==1.3.0
  Using cached mpmath-1.3.0-py3-none-any.whl (536 kB)
Collecting networkx==3.2.1
  Using cached networkx-3.2.1-py3-none-any.whl (1.6 MB)
Collecting numpy==2.0.2
  Using cached numpy-2.0.2-cp39-cp39-macosx_14_0_arm64.whl (5.3 MB)
Collecting nvidia-ml-py==13.610.43
  Downloading nvidia_ml_py-13.610.43-py3-none-any.whl (53 kB)
Collecting onnx==1.19.1
  Downloading onnx-1.19.1-cp39-cp39-macosx_12_0_universal2.whl (18.3 MB)
Collecting onnxruntime==1.19.2
  Downloading onnxruntime-1.19.2-cp39-cp39-macosx_11_0_universal2.whl (16.8 MB)
Collecting opencv-python==5.0.0.93
  Downloading opencv_python-5.0.0.93-cp37-abi3-macosx_13_0_arm64.whl (48.3 MB)
Collecting packaging==26.3
  Downloading packaging-26.3-py3-none-any.whl (129 kB)
Collecting pandas==2.3.3
  Using cached pandas-2.3.3-cp39-cp39-macosx_11_0_arm64.whl (10.8 MB)
Collecting pillow==11.3.0
  Using cached pillow-11.3.0-cp39-cp39-macosx_11_0_arm64.whl (4.7 MB)
Collecting polars==1.36.1
  Downloading polars-1.36.1-py3-none-any.whl (802 kB)
Collecting polars-runtime-32==1.36.1
  Downloading polars_runtime_32-1.36.1-cp39-abi3-macosx_11_0_arm64.whl (39.3 MB)
Collecting protobuf==6.33.6
  Using cached protobuf-6.33.6-cp39-abi3-macosx_10_9_universal2.whl (427 kB)
Collecting psutil==7.2.2
  Downloading psutil-7.2.2-cp36-abi3-macosx_11_0_arm64.whl (129 kB)
Collecting pyparsing==3.3.2
  Using cached pyparsing-3.3.2-py3-none-any.whl (122 kB)
Collecting python-dateutil==2.9.0.post0
  Using cached python_dateutil-2.9.0.post0-py2.py3-none-any.whl (229 kB)
Collecting pytz==2026.3.post1
  Downloading pytz-2026.3.post1-py2.py3-none-any.whl (508 kB)
Collecting PyYAML==6.0.3
  Downloading pyyaml-6.0.3-cp39-cp39-macosx_11_0_arm64.whl (174 kB)
Collecting requests==2.32.5
  Downloading requests-2.32.5-py3-none-any.whl (64 kB)
Collecting six==1.17.0
  Using cached six-1.17.0-py2.py3-none-any.whl (11 kB)
Collecting sympy==1.14.0
  Using cached sympy-1.14.0-py3-none-any.whl (6.3 MB)
Collecting torch==2.8.0
  Using cached torch-2.8.0-cp39-none-macosx_11_0_arm64.whl (73.6 MB)
Collecting torchvision==0.23.0
  Downloading torchvision-0.23.0-cp39-cp39-macosx_11_0_arm64.whl (1.9 MB)
Collecting typing_extensions==4.16.0
  Downloading typing_extensions-4.16.0-py3-none-any.whl (45 kB)
Collecting tzdata==2026.3
  Downloading tzdata-2026.3-py2.py3-none-any.whl (348 kB)
Collecting ultralytics==8.4.123
  Downloading ultralytics-8.4.123-py3-none-any.whl (1.4 MB)
Collecting ultralytics-thop==2.1.6
  Downloading ultralytics_thop-2.1.6-py3-none-any.whl (30 kB)
Collecting urllib3==2.6.3
  Downloading urllib3-2.6.3-py3-none-any.whl (131 kB)
Collecting zipp==3.23.1
  Using cached zipp-3.23.1-py3-none-any.whl (10 kB)
Installing collected packages: mpmath, MarkupSafe, zipp, typing-extensions, sympy, six, numpy, networkx, Jinja2, fsspec, filelock, urllib3, torch, python-dateutil, pyparsing, polars-runtime-32, pillow, packaging, kiwisolver, importlib-resources, idna, humanfriendly, fonttools, cycler, contourpy, charset-normalizer, certifi, ultralytics-thop, tzdata, torchvision, requests, PyYAML, pytz, psutil, protobuf, polars, opencv-python, nvidia-ml-py, ml-dtypes, matplotlib, flatbuffers, coloredlogs, ultralytics, pandas, onnxruntime, onnx
Successfully installed Jinja2-3.1.6 MarkupSafe-3.0.3 PyYAML-6.0.3 certifi-2026.7.22 charset-normalizer-3.5.1 coloredlogs-15.0.1 contourpy-1.3.0 cycler-0.12.1 filelock-3.19.1 flatbuffers-25.12.19 fonttools-4.60.2 fsspec-2025.10.0 humanfriendly-10.0 idna-3.19 importlib-resources-6.5.2 kiwisolver-1.4.7 matplotlib-3.9.4 ml-dtypes-0.5.4 mpmath-1.3.0 networkx-3.2.1 numpy-2.0.2 nvidia-ml-py-13.610.43 onnx-1.19.1 onnxruntime-1.19.2 opencv-python-5.0.0.93 packaging-26.3 pandas-2.3.3 pillow-11.3.0 polars-1.36.1 polars-runtime-32-1.36.1 protobuf-6.33.6 psutil-7.2.2 pyparsing-3.3.2 python-dateutil-2.9.0.post0 pytz-2026.3.post1 requests-2.32.5 six-1.17.0 sympy-1.14.0 torch-2.8.0 torchvision-0.23.0 typing-extensions-4.16.0 tzdata-2026.3 ultralytics-8.4.123 ultralytics-thop-2.1.6 urllib3-2.6.3 zipp-3.23.1
